// Jest Snapshot v1, https://goo.gl/fbAQLP

exports[`Loader It renders loader correctly 1`] = `
<div
  className="loading"
>
  loading...
</div>
`;
